Usage: l10ns [<options>] <command>

Commands:

  init    Initialize project.
  sync    Synchronize localization keys.
  log     Show latest added localizations.
  set     Set localization.

For more details: 'l10ns <command> --help'.

Options:

  --help, -h     Print help description.
  --version      Print current version.
